---
source: crates/gitea-core/src/error/render.rs
expression: "snap(ErrorKind::ResourceNotFound\n{\n    kind: \"pull request\", id: String::new(), slug:\n    Some(\"perf3ct/gea\".into()), server_message:\n    Some(\"could not find 'no-such-branch' to be a commit, branch or tag\".into(),),\n}, c)"
---
error: referenced resource not found in perf3ct/gea (HTTP 404)

  request:     POST /api/v1/repos/perf3ct/gea/pulls
  repository:  perf3ct/gea  (found)
  server says: could not find 'no-such-branch' to be a commit, branch or tag

what to do:
  this request has no pull request identifier. Check referenced branch, tag, or
  user names.
  1. correct the value named in the server message, then retry
  2. gea api repos/perf3ct/gea/branches --jq '.[].name'
  3. gea api repos/perf3ct/gea/tags --jq '.[].name'
  note: when creating a pull request, check --head and --base.
